INFO         | Android emulator version 37.1.11.0 (build_id 15917651) (CL:N/A)
INFO         | Graphics backend: gfxstream
INFO         | Found systemPath C:\Users\User\AppData\Local\Android\Sdk\system-images\android-37.2\google_apis_playstore_ps16k\x86_64\
INFO         | Guest usage of host flag 'VulkanVirtualQueue' will be ignored.
INFO         | Increasing RAM size to 4096MB
INFO         | IPv4 server found: 192.168.1.1
INFO         | Ignore IPv6 address: 20e0:b25a:1902:0:20e0:b25a:1902:0
INFO         | Ignore IPv6 address: 20e0:b25a:1902:0:20e0:b25a:1902:0
INFO         | Ignore IPv6 address: 20e0:b25a:1902:0:20e0:b25a:1902:0
INFO         | Ignore IPv6 address: 70ec:b25a:1902:0:20e0:b25a:1902:0
INFO         | Ignore IPv6 address: 70ec:b25a:1902:0:20e0:b25a:1902:0
INFO         | Ignore IPv6 address: 70ec:b25a:1902:0:20e0:b25a:1902:0
INFO         | Ignore IPv6 address: 80f2:b25a:1902:0:20e0:b25a:1902:0
INFO         | Ignore IPv6 address: 80f2:b25a:1902:0:20e0:b25a:1902:0
INFO         | Ignore IPv6 address: 80f2:b25a:1902:0:20e0:b25a:1902:0
INFO         | Ignore IPv6 address: 18f9:b25a:1902:0:20e0:b25a:1902:0
INFO         | Ignore IPv6 address: c002:b35a:1902:0:20e0:b25a:1902:0
INFO         | Ignore IPv6 address: c002:b35a:1902:0:20e0:b25a:1902:0
INFO         | Ignore IPv6 address: c002:b35a:1902:0:20e0:b25a:1902:0
INFO         | Guest GLES Driver: Auto (ext controls)
INFO         | emuglConfig_init: vulkan_mode_selected:lavapipe gles_mode_selected:swiftshader
INFO         | Checking system compatibility:
INFO         |   Checking: hasCompatibleHypervisor
INFO         |      Ok: Hypervisor compatibility to run avd: `Pixel_8_Pro` are met
INFO         |   Checking: hasSufficientSystem
INFO         |      Ok: System requirements to run avd: `Pixel_8_Pro` are met
INFO         |   Checking: hasSufficientHwGpu
INFO         |      Ok: Hardware GPU compatibility checks are not required
INFO         |   Checking: hasSufficientDiskSpace
INFO         |      Ok: Disk space requirements to run avd: `Pixel_8_Pro` are met
INFO         | Storing crashdata in: C:\Users\User\AppData\Local\Temp\\AndroidEmulator\emu-crash-37.1.11.db, detection is enabled for process: 2996
INFO         | Initializing gfxstream backend
INFO         | startOpenglesRendererImpl: gpu info
INFO         | GPU #1
  Make: 10de
  Model: NVIDIA GeForce RTX 5060 Laptop GPU
  Device ID: 2d19

INFO         | Vulkan 1.4 is not supported for the guest and won't be enabled
INFO         | Disabling implicit Vulkan layers to avoid compatibility issues. Set VK_LOADER_LAYERS_DISABLE manually to disable this behavior.
INFO         | initIcdPaths: ICD set to 'lavapipe', using Lavapipe ICD
INFO         | Setting ICD filenames for the loader = C:\Users\User\AppData\Local\Android\Sdk\emulator\lib64\vulkan\lvp_icd.json
INFO         | SharedLibrary::open for [C:\Users\User\AppData\Local\Android\Sdk\emulator\qemu\windows-x86_64\lib64\vulkan\vulkan-1.dll]
INFO         | SharedLibrary::open for [C:\Users\User\AppData\Local\Android\Sdk\emulator\lib64\vulkan\vulkan-1.dll]
INFO         | Added library: C:\Users\User\AppData\Local\Android\Sdk\emulator\lib64\vulkan\vulkan-1.dll
INFO         | Selecting Vulkan device: llvmpipe (LLVM 21.1.2, 256 bits), Version: 1.4.318
INFO         | Using Vulkan externalMemoryMode: HostAllocation for VkEmulation
INFO         | Initializing VkEmulation features:
INFO         |     glInteropSupported: false
INFO         |     useDeferredCommands: true
INFO         |     createResourceWithRequirements: true
INFO         |     useVulkanComposition: false
INFO         |     useVulkanNativeSwapchain: false
INFO         |     enable guestRenderDoc: false
INFO         |     ASTC LDR emulation mode: Gpu
INFO         |     enable ETC2 emulation: true
INFO         |     enable Ycbcr emulation: false
INFO         |     guestVulkanOnly: false
INFO         |     useDedicatedAllocations: false
INFO         |     guestVulkanMaxApiVersion: 1.3.0
INFO         |     enableProtectedMemoryEmulation: false
INFO         | Graphics Adapter Vendor Google (Google Inc.)
INFO         | Graphics Adapter Android Emulator OpenGL ES Translator (Google SwiftShader)
INFO         | Graphics API Version OpenGL ES 3.0 (OpenGL ES 3.0 SwiftShader 4.0.0.1)
INFO         | Graphics API Extensions GL_OES_EGL_sync GL_OES_EGL_image GL_OES_EGL_image_external GL_OES_depth24 GL_OES_depth32 GL_OES_element_index_uint GL_OES_texture_float GL_OES_texture_float_linear GL_OES_compressed_paletted_texture GL_OES_compressed_ETC1_RGB8_texture GL_OES_depth_texture GL_OES_texture_half_float GL_OES_texture_half_float_linear GL_OES_packed_depth_stencil GL_OES_vertex_half_float GL_OES_standard_derivatives GL_OES_texture_npot GL_OES_rgb8_rgba8 GL_EXT_color_buffer_float GL_EXT_color_buffer_half_float GL_EXT_texture_format_BGRA8888 GL_APPLE_texture_format_BGRA8888 
INFO         | Graphics Device Extensions N/A
INFO         | Disabling sparse binding feature support
INFO         | Sending adb public key [QAAAAAVH0Dkzks3EhNvnNeVO5Ay509WSzcnWjh9sIOiD8bd+4GkKZAXt7Bx0JTRP1Wt1/IJuwnlG1QCCC1bSML5tQ2TcXHoy5HRH+7W2DIddKUM7KtwnGqd/wsU3EYRgF8twJaq4vfVJvDqn+y/717Ut4Bfpwhz/I58sQNLvswaGAkxSWY80TPgWn6NP7/80O+zSZlfP5UBo5zMNNfw2sHBj82zowilOrN/CQeHlUNds8vZUF7m9Jb1F+hyWotsuFReQSReu4eeYeLxuBbtLmzRSeoKQX6iBXgxhkG3QeuRAyzDjjccJLgpmG2gYoI8OX5JDDNN1oyQ9XgVt9P4McVVEN3Dt98DJ6hwFLduBPoNpTpnKViVe1I/hGWOxpWyIf2yUjGEMpt3pNeEZFeZWOkU5J9XtMS/JXGQFQ0p16thny2XmGilkvI2q3a41ik31F48sxjb2Fhv3W3vpzWVszzVng39tnrDSez2u7Z1rSn/+ArL+B9wPOga73vx/SbNmnDgbbYD5NANlJ76ijggpCBsU2YzLD2g5wtaNucLBQSTVLvSlcfJz3xwB/S42Vp7lhMMezJItpEN4amR1yRk0PVn7SqYVNHvsMYo/3Q0V2BD2DRWreRZ0cGRFBr9P29+oP2qdTbwNbL1HkGkFrsWg7IOOFNshtfdmpJnKKzWHqJB2BtpD+BEXSAEAAQA= @unknown]
INFO         | Userspace boot properties:
INFO         |   androidboot.boot_devices=pci0000:00/0000:00:03.0 pci0000:00/0000:00:06.0
INFO         |   androidboot.dalvik.vm.heapsize=576m
INFO         |   androidboot.debug.hwui.renderer=skiagl
INFO         |   androidboot.debug.sf.nobootanimation=1
INFO         |   androidboot.hardware=ranchu
INFO         |   androidboot.hardware.gltransport=pipe
INFO         |   androidboot.hardware.vulkan=ranchu
INFO         |   androidboot.logcat=*:V
INFO         |   androidboot.opengles.version=196608
INFO         |   androidboot.qemu=1
INFO         |   androidboot.qemu.adb.pubkey=QAAAAAVH0Dkzks3EhNvnNeVO5Ay509WSzcnWjh9sIOiD8bd+4GkKZAXt7Bx0JTRP1Wt1/IJuwnlG1QCCC1bSML5tQ2TcXHoy5HRH+7W2DIddKUM7KtwnGqd/wsU3EYRgF8twJaq4vfVJvDqn+y/717Ut4Bfpwhz/I58sQNLvswaGAkxSWY80TPgWn6NP7/80O+zSZlfP5UBo5zMNNfw2sHBj82zowilOrN/CQeHlUNds8vZUF7m9Jb1F+hyWotsuFReQSReu4eeYeLxuBbtLmzRSeoKQX6iBXgxhkG3QeuRAyzDjjccJLgpmG2gYoI8OX5JDDNN1oyQ9XgVt9P4McVVEN3Dt98DJ6hwFLduBPoNpTpnKViVe1I/hGWOxpWyIf2yUjGEMpt3pNeEZFeZWOkU5J9XtMS/JXGQFQ0p16thny2XmGilkvI2q3a41ik31F48sxjb2Fhv3W3vpzWVszzVng39tnrDSez2u7Z1rSn/+ArL+B9wPOga73vx/SbNmnDgbbYD5NANlJ76ijggpCBsU2YzLD2g5wtaNucLBQSTVLvSlcfJz3xwB/S42Vp7lhMMezJItpEN4amR1yRk0PVn7SqYVNHvsMYo/3Q0V2BD2DRWreRZ0cGRFBr9P29+oP2qdTbwNbL1HkGkFrsWg7IOOFNshtfdmpJnKKzWHqJB2BtpD+BEXSAEAAQA= @unknown
INFO         |   androidboot.qemu.avd_name=Pixel_8_Pro
INFO         |   androidboot.qemu.camera_hq_edge_processing=0
INFO         |   androidboot.qemu.camera_protocol_ver=1
INFO         |   androidboot.qemu.cpuvulkan.version=4210688
INFO         |   androidboot.qemu.gltransport.drawFlushInterval=800
INFO         |   androidboot.qemu.gltransport.name=pipe
INFO         |   androidboot.qemu.hwcodec.avcdec=2
INFO         |   androidboot.qemu.hwcodec.hevcdec=2
INFO         |   androidboot.qemu.hwcodec.vpxdec=2
INFO         |   androidboot.qemu.settings.system.screen_off_timeout=2147483647
INFO         |   androidboot.qemu.skin=pixel_8_pro
INFO         |   androidboot.qemu.virtiowifi=1
INFO         |   androidboot.qemu.vsync=60
INFO         |   androidboot.serialno=EMULATOR37X1X11X0
INFO         |   androidboot.vbmeta.digest=2772b6de0284316122ffa1743bfa7958e65a191b2b8e1c89e4acd58c3de80a27
INFO         |   androidboot.vbmeta.hash_alg=sha256
INFO         |   androidboot.vbmeta.size=6784
INFO         |   androidboot.veritymode=enforcing
WHPX on Windows 10.0.26200 detected.
Windows Hypervisor Platform accelerator is operational
INFO         | Monitoring duration of emulator setup.
WARNING      | The emulator now requires a signed jwt token for gRPC access! Use the -grpc flag if you really want an open unprotected grpc port
INFO         | Using security allow list from: C:\Users\User\AppData\Local\Android\Sdk\emulator\lib\emulator_access.json
INFO         | The active JSON Web Key Sets can be found here: C:\Users\User\AppData\Local\Temp\avd\running\2996\jwks\a2e4a9b1-b8f2-4b48-b15e-62f9eb9046d1\active.jwk
INFO         | Scanning C:\Users\User\AppData\Local\Temp\avd\running\2996\jwks\a2e4a9b1-b8f2-4b48-b15e-62f9eb9046d1 for jwk keys.
INFO         | Started GRPC server at 127.0.0.1:8554, security: Local, auth: +token
INFO         | Advertising in: C:\Users\User\AppData\Local\Temp\avd\running\pid_2996.ini
INFO         | Activated packet streamer for bluetooth emulation
INFO         | Successfully initialized netsim WiFi
INFO         | Activated packet streamer for uwb emulation
INFO         | Setting display: 0 configuration to: 1344x2992, dpi: 480x480 
INFO         | setDisplayActiveConfig: id:0, 1344x2992
WARNING      | getEnvironmentConfig: No environment config is provided
INFO         | getEnvironmentConfig: Using default virtual scene mode for the environment.
INFO         | getEnvironmentConfig: Using default configuration for mode mesh3d for the environment.
INFO         | Initializing a scene with mode: mesh3d, argument: Toren1BD.obj
INFO         | Loading snapshot 'default_boot'...
INFO         | GPU Vendor=[Google (Google Inc.)]
INFO         | GPU Renderer=[Android Emulator OpenGL ES Translator (Google SwiftShader)]
INFO         | GPU Version=[OpenGL ES 3.0 (OpenGL ES 3.0 SwiftShader 4.0.0.1)]
WARNING      | Change of GLES renderer detected.
WARNING      | Error -1 from the snapshot callback

WARNING      | Failed to load snapshot 'default_boot'
USER_INFO    | The emulator is starting from scratch. Reason: different renderer configured
INFO         | Boot completed in 72553 ms
INFO         | Increasing screen off timeout, logcat buffer size to 2M.
ERROR        | adb protocol fault (couldn't read status length)
ERROR        | Failed to find ColorBuffer: 62
INFO         | IPv4 server found: 192.168.1.1
INFO         | Ignore IPv6 address: 8001:7868:1902:0:8001:7868:1902:0
INFO         | Ignore IPv6 address: 8001:7868:1902:0:8001:7868:1902:0
INFO         | Ignore IPv6 address: 8001:7868:1902:0:8001:7868:1902:0
INFO         | Ignore IPv6 address: d00d:7868:1902:0:8001:7868:1902:0
INFO         | Ignore IPv6 address: d00d:7868:1902:0:8001:7868:1902:0
INFO         | Ignore IPv6 address: d00d:7868:1902:0:8001:7868:1902:0
INFO         | Ignore IPv6 address: e013:7868:1902:0:8001:7868:1902:0
INFO         | Ignore IPv6 address: e013:7868:1902:0:8001:7868:1902:0
INFO         | Ignore IPv6 address: e013:7868:1902:0:8001:7868:1902:0
INFO         | Ignore IPv6 address: 781a:7868:1902:0:8001:7868:1902:0
INFO         | Ignore IPv6 address: 2024:7868:1902:0:8001:7868:1902:0
INFO         | Ignore IPv6 address: 2024:7868:1902:0:8001:7868:1902:0
INFO         | Ignore IPv6 address: 2024:7868:1902:0:8001:7868:1902:0
INFO         | IPv4 server found: 192.168.1.1
INFO         | Ignore IPv6 address: 8001:7868:1902:0:8001:7868:1902:0
INFO         | Ignore IPv6 address: 8001:7868:1902:0:8001:7868:1902:0
INFO         | Ignore IPv6 address: 8001:7868:1902:0:8001:7868:1902:0
INFO         | Ignore IPv6 address: d00d:7868:1902:0:8001:7868:1902:0
INFO         | Ignore IPv6 address: d00d:7868:1902:0:8001:7868:1902:0
INFO         | Ignore IPv6 address: d00d:7868:1902:0:8001:7868:1902:0
INFO         | Ignore IPv6 address: e013:7868:1902:0:8001:7868:1902:0
INFO         | Ignore IPv6 address: e013:7868:1902:0:8001:7868:1902:0
INFO         | Ignore IPv6 address: e013:7868:1902:0:8001:7868:1902:0
INFO         | Ignore IPv6 address: 781a:7868:1902:0:8001:7868:1902:0
INFO         | Ignore IPv6 address: 2024:7868:1902:0:8001:7868:1902:0
INFO         | Ignore IPv6 address: 2024:7868:1902:0:8001:7868:1902:0
INFO         | Ignore IPv6 address: 2024:7868:1902:0:8001:7868:1902:0
INFO         | IPv4 server found: 192.168.1.1
INFO         | Ignore IPv6 address: 8001:7868:1902:0:8001:7868:1902:0
INFO         | Ignore IPv6 address: 8001:7868:1902:0:8001:7868:1902:0
INFO         | Ignore IPv6 address: 8001:7868:1902:0:8001:7868:1902:0
INFO         | Ignore IPv6 address: d00d:7868:1902:0:8001:7868:1902:0
INFO         | Ignore IPv6 address: d00d:7868:1902:0:8001:7868:1902:0
INFO         | Ignore IPv6 address: d00d:7868:1902:0:8001:7868:1902:0
INFO         | Ignore IPv6 address: e013:7868:1902:0:8001:7868:1902:0
INFO         | Ignore IPv6 address: e013:7868:1902:0:8001:7868:1902:0
INFO         | Ignore IPv6 address: e013:7868:1902:0:8001:7868:1902:0
INFO         | Ignore IPv6 address: 781a:7868:1902:0:8001:7868:1902:0
INFO         | Ignore IPv6 address: 2024:7868:1902:0:8001:7868:1902:0
INFO         | Ignore IPv6 address: 2024:7868:1902:0:8001:7868:1902:0
INFO         | Ignore IPv6 address: 2024:7868:1902:0:8001:7868:1902:0
INFO         | Created VkInstance:00000219310951E0 for application:'' engine:''.
INFO         | Destroyed VkInstance:00000219310951E0 for application:'' engine:''.
INFO         | Created VkInstance:00000219310951E0 for application:'' engine:''.
INFO         | Destroyed VkInstance:00000219310951E0 for application:'' engine:''.
ERROR        | bad color buffer handle 430
INFO         | Wait for emulator (pid 2996) 20 seconds to shutdown gracefully before kill;you can set environment variable ANDROID_EMULATOR_WAIT_TIME_BEFORE_KILL(in seconds) to change the default value (20 seconds)

INFO         | Saving with gfxstream=1
INFO         | Saving snapshot 'default_boot' using 1987 ms
INFO         | GPU Vendor=[Google (Google Inc.)]
INFO         | GPU Renderer=[Android Emulator OpenGL ES Translator (Google SwiftShader)]
INFO         | GPU Version=[OpenGL ES 3.0 (OpenGL ES 3.0 SwiftShader 4.0.0.1)]
INFO         | removeScene: scene=0x21902ef13f0
INFO         | removeAll
WARNING      | Netsim Wifi dns:///localhost:56452 is gone due to Stream removed (CANCELLED)
